Testing funs:f11/3 ...
=== Inputs That Lead to Runtime Errors ===
#1 funs:f11(fun(_) -> 5 end, fun(_) -> 0 end, 1)
#2 funs:f11(fun(_) -> fun(_) -> 0.0 end end, fun(_) -> fun(_) -> [] end end, 9)
#3 funs:f11(fun(_) -> fun(_) -> 10 end end, fun(_) -> 3 end, 5)
#4 funs:f11(fun(_) -> fun(_) -> 7719 end end, fun(_) -> fun(_) -> -7710 end end, 10)
#5 funs:f11(fun(_) -> fun(_) -> [] end end, fun(_) -> fun(_) -> 10 end end, 4)
#6 funs:f11(fun(_) -> fun(_) -> [] end end, fun(_) -> fun(_) -> [] end end, 9)
